
> autobazar123@0.1.0 test:links
> npx tsx tests/link-and-mobile-test.ts


============================================================
🧪 AUTOBAZAR123 LINK CHECKER & MOBILE-FRIENDLINESS TEST
============================================================

Base URL: http://localhost:3000
Started at: 2026-01-08T05:02:26.981Z


🔍 Phase 1: Crawling and checking all links for 404s...

  Checking: http://localhost:3000
    ✅ 200
  Checking: http://localhost:3000/
    ✅ 200
  Checking: http://localhost:3000/auta
    ✅ 200
  Checking: http://localhost:3000/auth/login
    ✅ 200
  Checking: http://localhost:3000/auth/register
    ✅ 200
  Checking: http://localhost:3000/kredity
    ✅ 200
  Checking: http://localhost:3000/kredity/uspech
    ✅ 200
  Checking: http://localhost:3000/obchodne-podmienky
    ✅ 200
  Checking: http://localhost:3000/ochrana-udajov
    ✅ 200
  Checking: http://localhost:3000/pridat-inzerat
    ✅ 200
  Checking: http://localhost:3000/ceny
    ✅ 200
  Checking: http://localhost:3000/kalkulacka-leasingu
    ✅ 200
  Checking: http://localhost:3000/predajcovia
    ✅ 200
  Checking: http://localhost:3000/moj-ucet
    ✅ 200
  Checking: http://localhost:3000/admin
    ✅ 200
  Checking: http://localhost:3000/auto/1
    ✅ 200
  Checking: http://localhost:3000/auto/2
    ✅ 200
  Checking: http://localhost:3000/auto/3
    ✅ 200
  Checking: http://localhost:3000/auto/4
    ✅ 200
  Checking: http://localhost:3000/auto/5
    ✅ 200
  Checking: http://localhost:3000/auto/6
    ✅ 200
  Checking: http://localhost:3000/dealer
    ✅ 200
  Checking: http://localhost:3000/o-nas
    ❌ 404 NOT FOUND
  Checking: http://localhost:3000/kontakt
    ❌ 404 NOT FOUND
  Checking: http://localhost:3000/cookies
    ❌ 404 NOT FOUND
  Checking: http://localhost:3000/auto/car1
    ✅ 200
  Checking: http://localhost:3000/auto/car5
    ✅ 200
  Checking: http://localhost:3000/auto/car2
    ✅ 200
  Checking: http://localhost:3000/auto/car3
    ✅ 200
  Checking: http://localhost:3000/auto/car4
    ✅ 200
  Checking: http://localhost:3000/auto/car6
    ✅ 200
  Checking: http://localhost:3000/auto/car7
    ✅ 200
  Checking: http://localhost:3000/auto/car8
    ✅ 200
  Checking: http://localhost:3000/terms
    ❌ 404 NOT FOUND
  Checking: http://localhost:3000/privacy
    ❌ 404 NOT FOUND
  Checking: http://localhost:3000/predajca/automax-zilina
    ✅ 200
  Checking: http://localhost:3000/predajca/premium-cars-ba
    ✅ 200
  Checking: http://localhost:3000/predajca/auto-centrum-ke
    ❌ 404 NOT FOUND
  Checking: http://localhost:3000/predajca/family-cars-nitra
    ❌ 404 NOT FOUND
  Checking: http://localhost:3000/auto/dealer-car-0
    ✅ 200
  Checking: http://localhost:3000/auto/dealer-car-1
    ✅ 200
  Checking: http://localhost:3000/auto/dealer-car-2
    ✅ 200
  Checking: http://localhost:3000/auto/dealer-car-3
    ✅ 200
  Checking: http://localhost:3000/auto/dealer-car-4
    ✅ 200
  Checking: http://localhost:3000/auto/dealer-car-5
    ✅ 200
  Checking: http://localhost:3000/auto/dealer-car-6
    ✅ 200
  Checking: http://localhost:3000/auto/dealer-car-7
    ✅ 200
  Checking: http://localhost:3000/auto/dealer-car-8
    ✅ 200
  Checking: http://localhost:3000/auto/dealer-car-9
    ✅ 200
  Checking: http://localhost:3000/auto/dealer-car-10
    ✅ 200
  Checking: http://localhost:3000/auto/dealer-car-11
    ✅ 200

📱 Phase 2: Checking mobile-friendliness of all pages...

  Checking mobile: http://localhost:3000
    ❌ Mobile issues found:
      - Elements too wide for mobile: div.absolute top-1/4 left-1/2 -tra... (width: 800px)
  Checking mobile: http://localhost:3000/
    ❌ Mobile issues found:
      - Elements too wide for mobile: div.absolute top-1/4 left-1/2 -tra... (width: 800px)
  Checking mobile: http://localhost:3000/auta
    ❌ Mobile issues found:
      - Page has horizontal scroll - content is wider than mobile viewport
  Checking mobile: http://localhost:3000/auth/login
    ✅ Mobile-friendly
  Checking mobile: http://localhost:3000/auth/register
    ✅ Mobile-friendly
  Checking mobile: http://localhost:3000/kredity
    ✅ Mobile-friendly
  Checking mobile: http://localhost:3000/kredity/uspech
    ✅ Mobile-friendly
  Checking mobile: http://localhost:3000/obchodne-podmienky
    ✅ Mobile-friendly
  Checking mobile: http://localhost:3000/ochrana-udajov
    ✅ Mobile-friendly
  Checking mobile: http://localhost:3000/pridat-inzerat
    ✅ Mobile-friendly
  Checking mobile: http://localhost:3000/ceny
    ✅ Mobile-friendly
  Checking mobile: http://localhost:3000/kalkulacka-leasingu
    ✅ Mobile-friendly
  Checking mobile: http://localhost:3000/predajcovia
    ✅ Mobile-friendly
  Checking mobile: http://localhost:3000/moj-ucet
    ✅ Mobile-friendly
  Checking mobile: http://localhost:3000/admin
    ✅ Mobile-friendly
  Checking mobile: http://localhost:3000/auto/1
    ✅ Mobile-friendly
  Checking mobile: http://localhost:3000/auto/2
    ✅ Mobile-friendly
  Checking mobile: http://localhost:3000/auto/3
    ✅ Mobile-friendly
  Checking mobile: http://localhost:3000/auto/4
    ✅ Mobile-friendly
  Checking mobile: http://localhost:3000/auto/5
    ✅ Mobile-friendly
  Checking mobile: http://localhost:3000/auto/6
    ✅ Mobile-friendly
  Checking mobile: http://localhost:3000/dealer
    ✅ Mobile-friendly
  Checking mobile: http://localhost:3000/auto/car1
    ✅ Mobile-friendly
  Checking mobile: http://localhost:3000/auto/car5
    ✅ Mobile-friendly
  Checking mobile: http://localhost:3000/auto/car2
    ✅ Mobile-friendly
  Checking mobile: http://localhost:3000/auto/car3
    ✅ Mobile-friendly
  Checking mobile: http://localhost:3000/auto/car4
    ✅ Mobile-friendly
  Checking mobile: http://localhost:3000/auto/car6
    ✅ Mobile-friendly
  Checking mobile: http://localhost:3000/auto/car7
    ✅ Mobile-friendly
  Checking mobile: http://localhost:3000/auto/car8
    ✅ Mobile-friendly
  Checking mobile: http://localhost:3000/predajca/automax-zilina
    ✅ Mobile-friendly
  Checking mobile: http://localhost:3000/predajca/premium-cars-ba
    ✅ Mobile-friendly
  Checking mobile: http://localhost:3000/auto/dealer-car-0
    ✅ Mobile-friendly
  Checking mobile: http://localhost:3000/auto/dealer-car-1
    ✅ Mobile-friendly
  Checking mobile: http://localhost:3000/auto/dealer-car-2
    ✅ Mobile-friendly
  Checking mobile: http://localhost:3000/auto/dealer-car-3
    ✅ Mobile-friendly
  Checking mobile: http://localhost:3000/auto/dealer-car-4
    ✅ Mobile-friendly
  Checking mobile: http://localhost:3000/auto/dealer-car-5
    ✅ Mobile-friendly
  Checking mobile: http://localhost:3000/auto/dealer-car-6
    ✅ Mobile-friendly
  Checking mobile: http://localhost:3000/auto/dealer-car-7
    ✅ Mobile-friendly
  Checking mobile: http://localhost:3000/auto/dealer-car-8
    ✅ Mobile-friendly
  Checking mobile: http://localhost:3000/auto/dealer-car-9
    ✅ Mobile-friendly
  Checking mobile: http://localhost:3000/auto/dealer-car-10
    ✅ Mobile-friendly
  Checking mobile: http://localhost:3000/auto/dealer-car-11
    ✅ Mobile-friendly

============================================================
📊 TEST SUMMARY
============================================================

📎 LINK CHECK RESULTS:
  Total links checked: 51
  ✅ Working: 44
  ❌ Broken (404/Error): 7
  ⚠️ Other status: 0

  🔴 BROKEN LINKS:
    URL: http://localhost:3000/o-nas
    Status: 404
    Found on: http://localhost:3000

    URL: http://localhost:3000/kontakt
    Status: 404
    Found on: http://localhost:3000

    URL: http://localhost:3000/cookies
    Status: 404
    Found on: http://localhost:3000

    URL: http://localhost:3000/terms
    Status: 404
    Found on: http://localhost:3000/auth/register

    URL: http://localhost:3000/privacy
    Status: 404
    Found on: http://localhost:3000/auth/register

    URL: http://localhost:3000/predajca/auto-centrum-ke
    Status: 404
    Found on: http://localhost:3000/predajcovia

    URL: http://localhost:3000/predajca/family-cars-nitra
    Status: 404
    Found on: http://localhost:3000/predajcovia


📱 MOBILE-FRIENDLINESS RESULTS:
  Total pages checked: 44
  ✅ Mobile-friendly: 41
  ❌ Has issues: 3

  🔴 PAGES WITH MOBILE ISSUES:

    URL: http://localhost:3000
    Issues:
      - Elements too wide for mobile: div.absolute top-1/4 left-1/2 -tra... (width: 800px)
    Screenshot: mobile_issue__.png

    URL: http://localhost:3000/
    Issues:
      - Elements too wide for mobile: div.absolute top-1/4 left-1/2 -tra... (width: 800px)
    Screenshot: mobile_issue__.png

    URL: http://localhost:3000/auta
    Issues:
      - Page has horizontal scroll - content is wider than mobile viewport
    Screenshot: mobile_issue__auta.png

============================================================
❌ TESTS FAILED!
   - 7 broken link(s) found
   - 3 page(s) with mobile issues
